------------------------------------------------------------
TimeQuest Timing Analyzer Summary
------------------------------------------------------------

Type  : Slow 1200mV 85C Model Setup 'CLOCK_50'
Slack : 7.195
TNS   : 0.000

Type  : Slow 1200mV 85C Model Setup 'VGA|mypll|altpll_component|pll|clk[0]'
Slack : 32.538
TNS   : 0.000

Type  : Slow 1200mV 85C Model Hold 'CLOCK_50'
Slack : -0.916
TNS   : -1.827

Type  : Slow 1200mV 85C Model Hold 'VGA|mypll|altpll_component|pll|clk[0]'
Slack : 0.443
TNS   : 0.000

Type  : Slow 1200mV 85C Model Minimum Pulse Width 'CLOCK_50'
Slack : 9.621
TNS   : 0.000

Type  : Slow 1200mV 85C Model Minimum Pulse Width 'VGA|mypll|altpll_component|pll|clk[0]'
Slack : 19.678
TNS   : 0.000

Type  : Slow 1200mV 0C Model Setup 'CLOCK_50'
Slack : 7.837
TNS   : 0.000

Type  : Slow 1200mV 0C Model Setup 'VGA|mypll|altpll_component|pll|clk[0]'
Slack : 33.103
TNS   : 0.000

Type  : Slow 1200mV 0C Model Hold 'CLOCK_50'
Slack : -0.957
TNS   : -1.855

Type  : Slow 1200mV 0C Model Hold 'VGA|mypll|altpll_component|pll|clk[0]'
Slack : 0.392
TNS   : 0.000

Type  : Slow 1200mV 0C Model Minimum Pulse Width 'CLOCK_50'
Slack : 9.626
TNS   : 0.000

Type  : Slow 1200mV 0C Model Minimum Pulse Width 'VGA|mypll|altpll_component|pll|clk[0]'
Slack : 19.682
TNS   : 0.000

Type  : Fast 1200mV 0C Model Setup 'CLOCK_50'
Slack : 14.321
TNS   : 0.000

Type  : Fast 1200mV 0C Model Setup 'VGA|mypll|altpll_component|pll|clk[0]'
Slack : 36.776
TNS   : 0.000

Type  : Fast 1200mV 0C Model Hold 'CLOCK_50'
Slack : -0.573
TNS   : -1.134

Type  : Fast 1200mV 0C Model Hold 'VGA|mypll|altpll_component|pll|clk[0]'
Slack : 0.181
TNS   : 0.000

Type  : Fast 1200mV 0C Model Minimum Pulse Width 'CLOCK_50'
Slack : 9.372
TNS   : 0.000

Type  : Fast 1200mV 0C Model Minimum Pulse Width 'VGA|mypll|altpll_component|pll|clk[0]'
Slack : 19.754
TNS   : 0.000

------------------------------------------------------------
